eeschema (2011-05-25)-stable  >> Creation date: Wed 30 Oct 2013 02:36:59 PM EDT

#Cmp ( order = Reference )
| C1         22uF        
| C2         22uF        
| C3         22uF        
| C4         47uF        
| C5         0.1uF       
| C6         0.1uF       
| C7         0.1uF       
| C8         0.1uF       
| C9         0.1uF       
| C10        0.1uF       
| C11        0.1uF       
| C12        0.1uF       
| C13        0.1uF       
| C14        0.1uF       
| D1         9.1V_ZENER  
| D2         9.1V_ZENER  
| P1         DIN_4_SHIELD
| P2         18-36VDC    
| P3         BNC0        
| P4         BNC1        
| P5         CONN_1      
| P6         CONN_1      
| P7         CONN_1      
| P8         CONN_1      
| P9         CONN_6      
| R1         1k          
| R2         1k          
| R3         220         
| R4         220         
| R5         634         
| R6         510         
| R7         50k         
| R8         44.2k       
| R9         402k        
| R10        402k        
| RV1        10k         
| RV2        10k         
| S1         TWR_TRIPLE_SUPPLY
| SW1        DISPLAY     
| SW2        COMPARE_INPUT
| U1         LM6172      
| U2         AD790       
| U3         UAF42       
| U4         ISL55004    
| X1         XPROTOLAB   
#End Cmp

#Cmp ( order = Value )
| 0.1uF        C5        
| 0.1uF        C6        
| 0.1uF        C7        
| 0.1uF        C8        
| 0.1uF        C9        
| 0.1uF        C10       
| 0.1uF        C11       
| 0.1uF        C12       
| 0.1uF        C13       
| 0.1uF        C14       
| 10k          RV1       
| 10k          RV2       
| 18-36VDC     P2        
| 1k           R1        
| 1k           R2        
| 220          R3        
| 220          R4        
| 22uF         C1        
| 22uF         C2        
| 22uF         C3        
| 402k         R9        
| 402k         R10       
| 44.2k        R8        
| 47uF         C4        
| 50k          R7        
| 510          R6        
| 634          R5        
| 9.1V_ZENER   D1        
| 9.1V_ZENER   D2        
| AD790        U2        
| BNC0         P3        
| BNC1         P4        
| COMPARE_INPUT SW2       
| CONN_1       P5        
| CONN_1       P6        
| CONN_1       P7        
| CONN_1       P8        
| CONN_6       P9        
| DIN_4_SHIELD P1        
| DISPLAY      SW1       
| ISL55004     U4        
| LM6172       U1        
| TWR_TRIPLE_SUPPLY S1        
| UAF42        U3        
| XPROTOLAB    X1        
#End Cmp

#End List
